// Jest Snapshot v1, https://goo.gl/fbAQLP

exports[`getColumnRender given Link should match snapshot 1`] = `
<Link
  href="https://foo.com"
  text="https://foo.com"
>
  
</Link>
`;

exports[`getColumnRender should return proper value 1`] = `
<ImageLink
  description=""
  imgSrc=""
  url=""
>
  https://a.com/b.jpg
</ImageLink>
`;

exports[`getColumnRender should return proper value2 1`] = `
<ImageLink
  description=""
  imgSrc="https://a.com/large/b.jpg"
  url="https://a.com/large/b.jpg"
>
  
</ImageLink>
`;

exports[`getRender given simple arg should render properly 1`] = `
<Link
  href=""
  text=""
>
  https://foo.com
</Link>
`;

exports[`getRender given tpl should render properly 1`] = `
<Link
  href="https://foo.com"
  text="https://foo.com"
>
  
</Link>
`;
